// Jest Snapshot v1, https://goo.gl/fbAQLP

exports[`everything rendered on the app 1`] = `
<div
  class="App"
  data-testid="test-all"
>
  <div
    class="header"
  >
    <div
      class="popup "
    >
      <div
        class="quantity-info"
      >
        <div>
          <h1>
            My Shopping Cart
          </h1>
          <div
            class="scroll"
          />
          <div>
            <h3>
              Total: $ 
              0
            </h3>
            <button>
              Checkout
            </button>
            <button>
              Back
            </button>
          </div>
        </div>
        <div>
          <button>
            X
          </button>
        </div>
      </div>
    </div>
    <p
      class="logo-style"
      style="color: rgb(255, 255, 0);"
    >
      Dura_glam Store
    </p>
    <div
      class="left-header"
    >
      <ul>
        <a
          href="/"
        >
          <li>
            Home
          </li>
        </a>
        <a
          class="link"
          data-testid="test-app"
          href="/store"
        >
          <li>
            Store
          </li>
        </a>
        <a
          class=""
          href="/about"
        >
          <li>
            About
          </li>
        </a>
      </ul>
      <div
        class="svg-container"
      >
        <div
          class="svg-background"
        >
          <img
            alt="cart icon"
            class="cart"
            src="cart-variant.svg"
          />
        </div>
      </div>
    </div>
  </div>
  <div
    class="home"
  >
    <div
      class="home-text"
    >
      <p>
        Welcome to our shopping cart - your one-stop destination for all your shopping needs! With our wide range of products, competitive prices, and easy-to-use platform, we make shopping a breeze. Whether you're looking for trendy fashion, cutting-edge technology, or everyday household essentials, we've got you covered.
      </p>
      <p>
        Our user-friendly interface allows you to browse through thousands of products with ease, add items to your cart, and checkout securely in just a few clicks. So why wait? Start shopping now and experience the convenience and affordability of our shopping cart!
      </p>
    </div>
    <div>
      <img
        alt="Woman with shopping bags"
        class="dominant-img"
        src="model.jpg"
      />
    </div>
  </div>
  <div
    style="background-color: rgb(0, 0, 0); padding: 10px; position: absolute; bottom: 0px; right: 0px; left: 0px; color: white; display: flex; justify-content: center;"
  >
    Copyright © 2023 Olanrewaju
  </div>
</div>
`;
